// Jest Snapshot v1, https://goo.gl/fbAQLP

exports[`should render ExpenseListItem correctly 1`] = `
<div>
  <Link
    replace={false}
    to="/edit/1"
  >
    <h3>
      test1
    </h3>
  </Link>
  <p>
    30
    $, created at 
    -345600000
  </p>
</div>
`;
